PS C:\Users\Shamita\Documents\PSC> cd "c:\Users\Shamita\Documents\PSC\c_activity_sets\set02"
PS C:\Users\Shamita\Documents\PSC\c_activity_sets\set02> cd "c:\Users\Shamita\Documents\PSC\c_activity_sets\set02\" ; if ($?) { gcc problem02.c -o problem02 } ; if ($?) { .\problem02 }
Enter the value of side:4
Enter the value of side:5
Enter the value of side:4
The traingle is NOT scalene
PS C:\Users\Shamita\Documents\PSC\c_activity_sets\set02> gcc -g -O0 problem02.c
PS C:\Users\Shamita\Documents\PSC\c_activity_sets\set02> gdb problem02.exe
GNU gdb (GDB) 7.6.1
Copyright (C) 2013 Free Software Foundation, Inc.
License GPLv3+: GNU GPL version 3 or later <http://gnu.org/licenses/gpl.html>
This is free software: you are free to change and redistribute it.
There is NO WARRANTY, to the extent permitted by law.  Type "show copying"
and "show warranty" for details.
This GDB was configured as "mingw32".
For bug reporting instructions, please see:
<http://www.gnu.org/software/gdb/bugs/>...
Reading symbols from C:\Users\Shamita\Documents\PSC\c_activity_sets\set02\problem02.exe...done.
(gdb) b main
Breakpoint 1 at 0x4014df
(gdb) r
Starting program: C:\Users\Shamita\Documents\PSC\c_activity_sets\set02/problem02.exe 
[New Thread 9252.0x3280]
[New Thread 9252.0x3148]

Breakpoint 1, 0x004014df in main ()
(gdb) s
Single stepping until exit from function main,
which has no line number information.
Enter the value of side:4
Enter the value of side:5 
Enter the value of side:4
The traingle is NOT scalene0x00401288 in __register_frame_info ()
(gdb) s
Single stepping until exit from function __register_frame_info,
which has no line number information.
0x0040128a in __register_frame_info ()
(gdb) quit
A debugging session is active.

        Inferior 1 [process 9252] will be killed.

Quit anyway? (y or n) y
error return ../../gdb-7.6.1/gdb/windows-nat.c:1275 was 5